2025-03-13  0:18:10 0 [Note] Starting MariaDB 10.4.32-MariaDB source revision c4143f909528e3fab0677a28631d10389354c491 as process 20720
2025-03-13  0:18:11 0 [Note] InnoDB: Mutexes and rw_locks use Windows interlocked functions
2025-03-13  0:18:11 0 [Note] InnoDB: Uses event mutexes
2025-03-13  0:18:11 0 [Note] InnoDB: Compressed tables use zlib 1.3
2025-03-13  0:18:11 0 [Note] InnoDB: Number of pools: 1
2025-03-13  0:18:11 0 [Note] InnoDB: Using SSE2 crc32 instructions
2025-03-13  0:18:11 0 [Note] InnoDB: Initializing buffer pool, total size = 16M, instances = 1, chunk size = 16M
2025-03-13  0:18:11 0 [Note] InnoDB: Completed initialization of buffer pool
2025-03-13  0:18:11 0 [Note] InnoDB: Starting crash recovery from checkpoint LSN=300288
2025-03-13  0:18:11 0 [Note] InnoDB: 128 out of 128 rollback segments are active.
2025-03-13  0:18:11 0 [Note] InnoDB: Removed temporary tablespace data file: "ibtmp1"
2025-03-13  0:18:11 0 [Note] InnoDB: Creating shared tablespace for temporary tables
2025-03-13  0:18:11 0 [Note] InnoDB: Setting file 'C:\xampp\mysql\data\ibtmp1' size to 12 MB. Physically writing the file full; Please wait ...
2025-03-13  0:18:11 0 [Note] InnoDB: File 'C:\xampp\mysql\data\ibtmp1' size is now 12 MB.
2025-03-13  0:18:11 0 [Note] InnoDB: Waiting for purge to start
2025-03-13  0:18:11 0 [Note] InnoDB: 10.4.32 started; log sequence number 300297; transaction id 170
2025-03-13  0:18:11 0 [Note] InnoDB: Loading buffer pool(s) from C:\xampp\mysql\data\ib_buffer_pool
2025-03-13  0:18:11 0 [Note] Plugin 'FEEDBACK' is disabled.
2025-03-13  0:18:11 0 [Note] Server socket created on IP: '::'.
2025-03-13  0:58:14 0 [Note] Starting MariaDB 10.4.32-MariaDB source revision c4143f909528e3fab0677a28631d10389354c491 as process 3096
2025-03-13  0:58:14 0 [Note] InnoDB: Mutexes and rw_locks use Windows interlocked functions
2025-03-13  0:58:14 0 [Note] InnoDB: Uses event mutexes
2025-03-13  0:58:14 0 [Note] InnoDB: Compressed tables use zlib 1.3
2025-03-13  0:58:14 0 [Note] InnoDB: Number of pools: 1
2025-03-13  0:58:14 0 [Note] InnoDB: Using SSE2 crc32 instructions
2025-03-13  0:58:14 0 [Note] InnoDB: Initializing buffer pool, total size = 16M, instances = 1, chunk size = 16M
2025-03-13  0:58:14 0 [Note] InnoDB: Completed initialization of buffer pool
2025-03-13  0:58:14 0 [Note] InnoDB: Starting crash recovery from checkpoint LSN=300638
2025-03-13  0:58:14 0 [Note] InnoDB: 128 out of 128 rollback segments are active.
2025-03-13  0:58:14 0 [Note] InnoDB: Removed temporary tablespace data file: "ibtmp1"
2025-03-13  0:58:14 0 [Note] InnoDB: Creating shared tablespace for temporary tables
2025-03-13  0:58:14 0 [Note] InnoDB: Setting file 'C:\xampp\mysql\data\ibtmp1' size to 12 MB. Physically writing the file full; Please wait ...
2025-03-13  0:58:14 0 [Note] InnoDB: File 'C:\xampp\mysql\data\ibtmp1' size is now 12 MB.
2025-03-13  0:58:14 0 [Note] InnoDB: Waiting for purge to start
2025-03-13  0:58:14 0 [Note] InnoDB: 10.4.32 started; log sequence number 300647; transaction id 193
2025-03-13  0:58:14 0 [Note] InnoDB: Loading buffer pool(s) from C:\xampp\mysql\data\ib_buffer_pool
2025-03-13  0:58:14 0 [Note] Plugin 'FEEDBACK' is disabled.
2025-03-13  0:58:14 0 [Note] InnoDB: Buffer pool(s) load completed at 250313  0:58:14
2025-03-13  0:58:14 0 [Note] Server socket created on IP: '::'.
2025-03-14  0:24:55 0 [Note] Starting MariaDB 10.4.32-MariaDB source revision c4143f909528e3fab0677a28631d10389354c491 as process 6372
2025-03-14  0:24:55 0 [Note] InnoDB: Mutexes and rw_locks use Windows interlocked functions
2025-03-14  0:24:55 0 [Note] InnoDB: Uses event mutexes
2025-03-14  0:24:55 0 [Note] InnoDB: Compressed tables use zlib 1.3
2025-03-14  0:24:55 0 [Note] InnoDB: Number of pools: 1
2025-03-14  0:24:55 0 [Note] InnoDB: Using SSE2 crc32 instructions
2025-03-14  0:24:55 0 [Note] InnoDB: Initializing buffer pool, total size = 16M, instances = 1, chunk size = 16M
2025-03-14  0:24:55 0 [Note] InnoDB: Completed initialization of buffer pool
2025-03-14  0:24:55 0 [Note] InnoDB: Starting crash recovery from checkpoint LSN=300656
2025-03-14  0:24:55 0 [Note] InnoDB: 128 out of 128 rollback segments are active.
2025-03-14  0:24:55 0 [Note] InnoDB: Removed temporary tablespace data file: "ibtmp1"
2025-03-14  0:24:55 0 [Note] InnoDB: Creating shared tablespace for temporary tables
2025-03-14  0:24:55 0 [Note] InnoDB: Setting file 'C:\xampp\mysql\data\ibtmp1' size to 12 MB. Physically writing the file full; Please wait ...
2025-03-14  0:24:55 0 [Note] InnoDB: File 'C:\xampp\mysql\data\ibtmp1' size is now 12 MB.
2025-03-14  0:24:55 0 [Note] InnoDB: Waiting for purge to start
2025-03-14  0:24:55 0 [Note] InnoDB: 10.4.32 started; log sequence number 300665; transaction id 193
2025-03-14  0:24:55 0 [Note] InnoDB: Loading buffer pool(s) from C:\xampp\mysql\data\ib_buffer_pool
2025-03-14  0:24:55 0 [Note] Plugin 'FEEDBACK' is disabled.
2025-03-14  0:24:55 0 [Note] InnoDB: Buffer pool(s) load completed at 250314  0:24:55
2025-03-14  0:24:55 0 [Note] Server socket created on IP: '::'.
2025-03-16 21:29:52 0 [Note] Starting MariaDB 10.4.32-MariaDB source revision c4143f909528e3fab0677a28631d10389354c491 as process 17744
2025-03-16 21:29:52 0 [Note] InnoDB: Mutexes and rw_locks use Windows interlocked functions
2025-03-16 21:29:52 0 [Note] InnoDB: Uses event mutexes
2025-03-16 21:29:52 0 [Note] InnoDB: Compressed tables use zlib 1.3
2025-03-16 21:29:52 0 [Note] InnoDB: Number of pools: 1
2025-03-16 21:29:52 0 [Note] InnoDB: Using SSE2 crc32 instructions
2025-03-16 21:29:52 0 [Note] InnoDB: Initializing buffer pool, total size = 16M, instances = 1, chunk size = 16M
2025-03-16 21:29:52 0 [Note] InnoDB: Completed initialization of buffer pool
2025-03-16 21:29:52 0 [Note] InnoDB: Starting crash recovery from checkpoint LSN=300674
2025-03-16 21:29:53 0 [Note] InnoDB: 128 out of 128 rollback segments are active.
2025-03-16 21:29:53 0 [Note] InnoDB: Removed temporary tablespace data file: "ibtmp1"
2025-03-16 21:29:53 0 [Note] InnoDB: Creating shared tablespace for temporary tables
2025-03-16 21:29:53 0 [Note] InnoDB: Setting file 'C:\xampp\mysql\data\ibtmp1' size to 12 MB. Physically writing the file full; Please wait ...
2025-03-16 21:29:53 0 [Note] InnoDB: File 'C:\xampp\mysql\data\ibtmp1' size is now 12 MB.
2025-03-16 21:29:53 0 [Note] InnoDB: Waiting for purge to start
2025-03-16 21:29:53 0 [Note] InnoDB: 10.4.32 started; log sequence number 300683; transaction id 193
2025-03-16 21:29:53 0 [Note] InnoDB: Loading buffer pool(s) from C:\xampp\mysql\data\ib_buffer_pool
2025-03-16 21:29:53 0 [Note] Plugin 'FEEDBACK' is disabled.
2025-03-16 21:29:53 0 [Note] InnoDB: Buffer pool(s) load completed at 250316 21:29:53
2025-03-16 21:29:53 0 [Note] Server socket created on IP: '::'.
2025-05-22  0:02:22 0 [Note] Starting MariaDB 10.4.32-MariaDB source revision c4143f909528e3fab0677a28631d10389354c491 as process 5364
2025-05-22  0:02:22 0 [Note] InnoDB: Mutexes and rw_locks use Windows interlocked functions
2025-05-22  0:02:22 0 [Note] InnoDB: Uses event mutexes
2025-05-22  0:02:22 0 [Note] InnoDB: Compressed tables use zlib 1.3
2025-05-22  0:02:22 0 [Note] InnoDB: Number of pools: 1
2025-05-22  0:02:22 0 [Note] InnoDB: Using SSE2 crc32 instructions
2025-05-22  0:02:22 0 [Note] InnoDB: Initializing buffer pool, total size = 16M, instances = 1, chunk size = 16M
2025-05-22  0:02:22 0 [Note] InnoDB: Completed initialization of buffer pool
2025-05-22  0:02:22 0 [Note] InnoDB: Starting crash recovery from checkpoint LSN=300692
2025-05-22  0:02:22 0 [Note] InnoDB: 128 out of 128 rollback segments are active.
2025-05-22  0:02:22 0 [Note] InnoDB: Removed temporary tablespace data file: "ibtmp1"
2025-05-22  0:02:22 0 [Note] InnoDB: Creating shared tablespace for temporary tables
2025-05-22  0:02:22 0 [Note] InnoDB: Setting file 'C:\xampp\mysql\data\ibtmp1' size to 12 MB. Physically writing the file full; Please wait ...
2025-05-22  0:02:22 0 [Note] InnoDB: File 'C:\xampp\mysql\data\ibtmp1' size is now 12 MB.
2025-05-22  0:02:22 0 [Note] InnoDB: Waiting for purge to start
2025-05-22  0:02:22 0 [Note] InnoDB: 10.4.32 started; log sequence number 300701; transaction id 193
2025-05-22  0:02:22 0 [Note] InnoDB: Loading buffer pool(s) from C:\xampp\mysql\data\ib_buffer_pool
2025-05-22  0:02:22 0 [Note] Plugin 'FEEDBACK' is disabled.
2025-05-22  0:02:22 0 [Note] InnoDB: Buffer pool(s) load completed at 250522  0:02:22
2025-05-22  0:02:22 0 [Note] Server socket created on IP: '::'.
2025-05-25 19:49:34 0 [Note] Starting MariaDB 10.4.32-MariaDB source revision c4143f909528e3fab0677a28631d10389354c491 as process 11204
2025-05-25 19:49:34 0 [Note] InnoDB: Mutexes and rw_locks use Windows interlocked functions
2025-05-25 19:49:34 0 [Note] InnoDB: Uses event mutexes
2025-05-25 19:49:34 0 [Note] InnoDB: Compressed tables use zlib 1.3
2025-05-25 19:49:34 0 [Note] InnoDB: Number of pools: 1
2025-05-25 19:49:34 0 [Note] InnoDB: Using SSE2 crc32 instructions
2025-05-25 19:49:34 0 [Note] InnoDB: Initializing buffer pool, total size = 16M, instances = 1, chunk size = 16M
2025-05-25 19:49:34 0 [Note] InnoDB: Completed initialization of buffer pool
2025-05-25 19:49:34 0 [Note] InnoDB: Starting crash recovery from checkpoint LSN=300710
2025-05-25 19:49:34 0 [Note] InnoDB: 128 out of 128 rollback segments are active.
2025-05-25 19:49:34 0 [Note] InnoDB: Removed temporary tablespace data file: "ibtmp1"
2025-05-25 19:49:34 0 [Note] InnoDB: Creating shared tablespace for temporary tables
2025-05-25 19:49:34 0 [Note] InnoDB: Setting file 'C:\xampp\mysql\data\ibtmp1' size to 12 MB. Physically writing the file full; Please wait ...
2025-05-25 19:49:34 0 [Note] InnoDB: File 'C:\xampp\mysql\data\ibtmp1' size is now 12 MB.
2025-05-25 19:49:34 0 [Note] InnoDB: Waiting for purge to start
2025-05-25 19:49:34 0 [Note] InnoDB: 10.4.32 started; log sequence number 300719; transaction id 193
2025-05-25 19:49:34 0 [Note] InnoDB: Loading buffer pool(s) from C:\xampp\mysql\data\ib_buffer_pool
2025-05-25 19:49:34 0 [Note] Plugin 'FEEDBACK' is disabled.
2025-05-25 19:49:34 0 [Note] InnoDB: Buffer pool(s) load completed at 250525 19:49:34
2025-05-25 19:49:34 0 [Note] Server socket created on IP: '::'.
2025-08-06  0:58:05 0 [Note] Starting MariaDB 10.4.32-MariaDB source revision c4143f909528e3fab0677a28631d10389354c491 as process 15036
2025-08-06  0:58:05 0 [Note] InnoDB: Mutexes and rw_locks use Windows interlocked functions
2025-08-06  0:58:05 0 [Note] InnoDB: Uses event mutexes
2025-08-06  0:58:05 0 [Note] InnoDB: Compressed tables use zlib 1.3
2025-08-06  0:58:05 0 [Note] InnoDB: Number of pools: 1
2025-08-06  0:58:05 0 [Note] InnoDB: Using SSE2 crc32 instructions
2025-08-06  0:58:05 0 [Note] InnoDB: Initializing buffer pool, total size = 16M, instances = 1, chunk size = 16M
2025-08-06  0:58:05 0 [Note] InnoDB: Completed initialization of buffer pool
2025-08-06  0:58:05 0 [Note] InnoDB: Starting crash recovery from checkpoint LSN=300728
2025-08-06  0:58:06 0 [Note] InnoDB: 128 out of 128 rollback segments are active.
2025-08-06  0:58:06 0 [Note] InnoDB: Removed temporary tablespace data file: "ibtmp1"
2025-08-06  0:58:06 0 [Note] InnoDB: Creating shared tablespace for temporary tables
2025-08-06  0:58:06 0 [Note] InnoDB: Setting file 'C:\xampp\mysql\data\ibtmp1' size to 12 MB. Physically writing the file full; Please wait ...
2025-08-06  0:58:06 0 [Note] InnoDB: File 'C:\xampp\mysql\data\ibtmp1' size is now 12 MB.
2025-08-06  0:58:06 0 [Note] InnoDB: Waiting for purge to start
2025-08-06  0:58:06 0 [Note] InnoDB: 10.4.32 started; log sequence number 300737; transaction id 193
2025-08-06  0:58:06 0 [Note] InnoDB: Loading buffer pool(s) from C:\xampp\mysql\data\ib_buffer_pool
2025-08-06  0:58:06 0 [Note] Plugin 'FEEDBACK' is disabled.
2025-08-06  0:58:06 0 [Note] InnoDB: Buffer pool(s) load completed at 250806  0:58:06
2025-08-06  0:58:06 0 [Note] Server socket created on IP: '::'.
2025-08-07  0:18:41 0 [Note] Starting MariaDB 10.4.32-MariaDB source revision c4143f909528e3fab0677a28631d10389354c491 as process 19808
2025-08-07  0:18:41 0 [Note] InnoDB: Mutexes and rw_locks use Windows interlocked functions
2025-08-07  0:18:41 0 [Note] InnoDB: Uses event mutexes
2025-08-07  0:18:41 0 [Note] InnoDB: Compressed tables use zlib 1.3
2025-08-07  0:18:41 0 [Note] InnoDB: Number of pools: 1
2025-08-07  0:18:41 0 [Note] InnoDB: Using SSE2 crc32 instructions
2025-08-07  0:18:41 0 [Note] InnoDB: Initializing buffer pool, total size = 16M, instances = 1, chunk size = 16M
2025-08-07  0:18:41 0 [Note] InnoDB: Completed initialization of buffer pool
2025-08-07  0:18:41 0 [Note] InnoDB: Starting crash recovery from checkpoint LSN=301079
2025-08-07  0:18:42 0 [Note] InnoDB: 128 out of 128 rollback segments are active.
2025-08-07  0:18:42 0 [Note] InnoDB: Removed temporary tablespace data file: "ibtmp1"
2025-08-07  0:18:42 0 [Note] InnoDB: Creating shared tablespace for temporary tables
2025-08-07  0:18:42 0 [Note] InnoDB: Setting file 'C:\xampp\mysql\data\ibtmp1' size to 12 MB. Physically writing the file full; Please wait ...
2025-08-07  0:18:42 0 [Note] InnoDB: File 'C:\xampp\mysql\data\ibtmp1' size is now 12 MB.
2025-08-07  0:18:42 0 [Note] InnoDB: Waiting for purge to start
2025-08-07  0:18:42 0 [Note] InnoDB: 10.4.32 started; log sequence number 301088; transaction id 216
2025-08-07  0:18:42 0 [Note] Plugin 'FEEDBACK' is disabled.
2025-08-07  0:18:42 0 [Note] InnoDB: Loading buffer pool(s) from C:\xampp\mysql\data\ib_buffer_pool
2025-08-07  0:18:42 0 [Note] InnoDB: Buffer pool(s) load completed at 250807  0:18:42
2025-08-07  0:18:42 0 [Note] Server socket created on IP: '::'.
2025-08-14 23:16:33 0 [Note] Starting MariaDB 10.4.32-MariaDB source revision c4143f909528e3fab0677a28631d10389354c491 as process 10728
2025-08-14 23:16:33 0 [Note] InnoDB: Mutexes and rw_locks use Windows interlocked functions
2025-08-14 23:16:33 0 [Note] InnoDB: Uses event mutexes
2025-08-14 23:16:33 0 [Note] InnoDB: Compressed tables use zlib 1.3
2025-08-14 23:16:33 0 [Note] InnoDB: Number of pools: 1
2025-08-14 23:16:33 0 [Note] InnoDB: Using SSE2 crc32 instructions
2025-08-14 23:16:33 0 [Note] InnoDB: Initializing buffer pool, total size = 16M, instances = 1, chunk size = 16M
2025-08-14 23:16:33 0 [Note] InnoDB: Completed initialization of buffer pool
2025-08-14 23:16:33 0 [Note] InnoDB: Starting crash recovery from checkpoint LSN=301097
2025-08-14 23:16:33 0 [Note] InnoDB: 128 out of 128 rollback segments are active.
2025-08-14 23:16:33 0 [Note] InnoDB: Removed temporary tablespace data file: "ibtmp1"
2025-08-14 23:16:33 0 [Note] InnoDB: Creating shared tablespace for temporary tables
2025-08-14 23:16:33 0 [Note] InnoDB: Setting file 'C:\xampp\mysql\data\ibtmp1' size to 12 MB. Physically writing the file full; Please wait ...
2025-08-14 23:16:33 0 [Note] InnoDB: File 'C:\xampp\mysql\data\ibtmp1' size is now 12 MB.
2025-08-14 23:16:33 0 [Note] InnoDB: Waiting for purge to start
2025-08-14 23:16:33 0 [Note] InnoDB: 10.4.32 started; log sequence number 301106; transaction id 216
2025-08-14 23:16:33 0 [Note] InnoDB: Loading buffer pool(s) from C:\xampp\mysql\data\ib_buffer_pool
2025-08-14 23:16:33 0 [Note] Plugin 'FEEDBACK' is disabled.
2025-08-14 23:16:33 0 [Note] InnoDB: Buffer pool(s) load completed at 250814 23:16:33
2025-08-14 23:16:33 0 [Note] Server socket created on IP: '::'.
2025-08-15 11:19:21 0 [Note] Starting MariaDB 10.4.32-MariaDB source revision c4143f909528e3fab0677a28631d10389354c491 as process 9036
2025-08-15 11:19:21 0 [Note] InnoDB: Mutexes and rw_locks use Windows interlocked functions
2025-08-15 11:19:21 0 [Note] InnoDB: Uses event mutexes
2025-08-15 11:19:21 0 [Note] InnoDB: Compressed tables use zlib 1.3
2025-08-15 11:19:21 0 [Note] InnoDB: Number of pools: 1
2025-08-15 11:19:21 0 [Note] InnoDB: Using SSE2 crc32 instructions
2025-08-15 11:19:21 0 [Note] InnoDB: Initializing buffer pool, total size = 16M, instances = 1, chunk size = 16M
2025-08-15 11:19:21 0 [Note] InnoDB: Completed initialization of buffer pool
2025-08-15 11:19:21 0 [Note] InnoDB: Starting crash recovery from checkpoint LSN=301115
2025-08-15 11:19:21 0 [Note] InnoDB: 128 out of 128 rollback segments are active.
2025-08-15 11:19:21 0 [Note] InnoDB: Removed temporary tablespace data file: "ibtmp1"
2025-08-15 11:19:21 0 [Note] InnoDB: Creating shared tablespace for temporary tables
2025-08-15 11:19:21 0 [Note] InnoDB: Setting file 'C:\xampp\mysql\data\ibtmp1' size to 12 MB. Physically writing the file full; Please wait ...
2025-08-15 11:19:21 0 [Note] InnoDB: File 'C:\xampp\mysql\data\ibtmp1' size is now 12 MB.
2025-08-15 11:19:21 0 [Note] InnoDB: Waiting for purge to start
2025-08-15 11:19:21 0 [Note] InnoDB: 10.4.32 started; log sequence number 301124; transaction id 216
2025-08-15 11:19:21 0 [Note] InnoDB: Loading buffer pool(s) from C:\xampp\mysql\data\ib_buffer_pool
2025-08-15 11:19:21 0 [Note] Plugin 'FEEDBACK' is disabled.
2025-08-15 11:19:21 0 [Note] InnoDB: Buffer pool(s) load completed at 250815 11:19:21
2025-08-15 11:19:21 0 [Note] Server socket created on IP: '::'.
2025-08-17 20:38:34 0 [Note] Starting MariaDB 10.4.32-MariaDB source revision c4143f909528e3fab0677a28631d10389354c491 as process 11536
Cannot find checkpoint record at LSN (1,0x5582)
2025-08-17 20:38:34 0 [ERROR] mysqld.exe: Aria recovery failed. Please run aria_chk -r on all Aria tables and delete all aria_log.######## files
2025-08-17 20:38:34 0 [ERROR] Plugin 'Aria' registration as a STORAGE ENGINE failed.
2025-08-17 20:38:34 0 [Note] InnoDB: Mutexes and rw_locks use Windows interlocked functions
2025-08-17 20:38:34 0 [Note] InnoDB: Uses event mutexes
2025-08-17 20:38:34 0 [Note] InnoDB: Compressed tables use zlib 1.3
2025-08-17 20:38:34 0 [Note] InnoDB: Number of pools: 1
2025-08-17 20:38:34 0 [Note] InnoDB: Using SSE2 crc32 instructions
2025-08-17 20:38:34 0 [Note] InnoDB: Initializing buffer pool, total size = 16M, instances = 1, chunk size = 16M
2025-08-17 20:38:34 0 [Note] InnoDB: Completed initialization of buffer pool
2025-08-17 20:38:34 0 [Note] InnoDB: Starting crash recovery from checkpoint LSN=661415
2025-08-17 20:38:34 0 [Note] InnoDB: 128 out of 128 rollback segments are active.
2025-08-17 20:38:34 0 [Note] InnoDB: Removed temporary tablespace data file: "ibtmp1"
2025-08-17 20:38:34 0 [Note] InnoDB: Creating shared tablespace for temporary tables
2025-08-17 20:38:34 0 [Note] InnoDB: Setting file 'C:\xampp\mysql\data\ibtmp1' size to 12 MB. Physically writing the file full; Please wait ...
2025-08-17 20:38:34 0 [Note] InnoDB: File 'C:\xampp\mysql\data\ibtmp1' size is now 12 MB.
2025-08-17 20:38:34 0 [Note] InnoDB: Waiting for purge to start
2025-08-17 20:38:34 0 [Note] InnoDB: 10.4.32 started; log sequence number 661424; transaction id 919
2025-08-17 20:38:34 0 [Note] InnoDB: Loading buffer pool(s) from C:\xampp\mysql\data\ib_buffer_pool
2025-08-17 20:38:34 0 [Note] Plugin 'FEEDBACK' is disabled.
2025-08-17 20:38:34 0 [ERROR] Could not open mysql.plugin table. Some plugins may be not loaded
2025-08-17 20:38:34 0 [ERROR] Failed to initialize plugins.
2025-08-17 20:38:34 0 [ERROR] Aborting
2025-08-17 20:39:12 0 [Note] Starting MariaDB 10.4.32-MariaDB source revision c4143f909528e3fab0677a28631d10389354c491 as process 20100
Cannot find checkpoint record at LSN (1,0x5582)
2025-08-17 20:39:12 0 [ERROR] mysqld.exe: Aria recovery failed. Please run aria_chk -r on all Aria tables and delete all aria_log.######## files
2025-08-17 20:39:12 0 [ERROR] Plugin 'Aria' registration as a STORAGE ENGINE failed.
2025-08-17 20:39:12 0 [Note] InnoDB: Mutexes and rw_locks use Windows interlocked functions
2025-08-17 20:39:12 0 [Note] InnoDB: Uses event mutexes
2025-08-17 20:39:12 0 [Note] InnoDB: Compressed tables use zlib 1.3
2025-08-17 20:39:12 0 [Note] InnoDB: Number of pools: 1
2025-08-17 20:39:12 0 [Note] InnoDB: Using SSE2 crc32 instructions
2025-08-17 20:39:12 0 [Note] InnoDB: Initializing buffer pool, total size = 16M, instances = 1, chunk size = 16M
2025-08-17 20:39:12 0 [Note] InnoDB: Completed initialization of buffer pool
2025-08-17 20:39:12 0 [Note] InnoDB: 128 out of 128 rollback segments are active.
2025-08-17 20:39:12 0 [Note] InnoDB: Creating shared tablespace for temporary tables
2025-08-17 20:39:12 0 [Note] InnoDB: Setting file 'C:\xampp\mysql\data\ibtmp1' size to 12 MB. Physically writing the file full; Please wait ...
2025-08-17 20:39:12 0 [Note] InnoDB: File 'C:\xampp\mysql\data\ibtmp1' size is now 12 MB.
2025-08-17 20:39:12 0 [Note] InnoDB: Waiting for purge to start
2025-08-17 20:39:12 0 [Note] InnoDB: 10.4.32 started; log sequence number 661433; transaction id 919
2025-08-17 20:39:12 0 [Note] InnoDB: Loading buffer pool(s) from C:\xampp\mysql\data\ib_buffer_pool
2025-08-17 20:39:12 0 [Note] Plugin 'FEEDBACK' is disabled.
2025-08-17 20:39:12 0 [Note] InnoDB: Buffer pool(s) load completed at 250817 20:39:12
2025-08-17 20:39:12 0 [ERROR] Could not open mysql.plugin table. Some plugins may be not loaded
2025-08-17 20:39:12 0 [ERROR] Failed to initialize plugins.
2025-08-17 20:39:12 0 [ERROR] Aborting
2025-08-17 20:39:30 0 [Note] Starting MariaDB 10.4.32-MariaDB source revision c4143f909528e3fab0677a28631d10389354c491 as process 1848
Cannot find checkpoint record at LSN (1,0x5582)
2025-08-17 20:39:30 0 [ERROR] mysqld.exe: Aria recovery failed. Please run aria_chk -r on all Aria tables and delete all aria_log.######## files
2025-08-17 20:39:30 0 [ERROR] Plugin 'Aria' registration as a STORAGE ENGINE failed.
2025-08-17 20:39:30 0 [Note] InnoDB: Mutexes and rw_locks use Windows interlocked functions
2025-08-17 20:39:30 0 [Note] InnoDB: Uses event mutexes
2025-08-17 20:39:30 0 [Note] InnoDB: Compressed tables use zlib 1.3
2025-08-17 20:39:30 0 [Note] InnoDB: Number of pools: 1
2025-08-17 20:39:30 0 [Note] InnoDB: Using SSE2 crc32 instructions
2025-08-17 20:39:30 0 [Note] InnoDB: Initializing buffer pool, total size = 16M, instances = 1, chunk size = 16M
2025-08-17 20:39:30 0 [Note] InnoDB: Completed initialization of buffer pool
2025-08-17 20:39:30 0 [Note] InnoDB: 128 out of 128 rollback segments are active.
2025-08-17 20:39:30 0 [Note] InnoDB: Creating shared tablespace for temporary tables
2025-08-17 20:39:30 0 [Note] InnoDB: Setting file 'C:\xampp\mysql\data\ibtmp1' size to 12 MB. Physically writing the file full; Please wait ...
2025-08-17 20:39:30 0 [Note] InnoDB: File 'C:\xampp\mysql\data\ibtmp1' size is now 12 MB.
2025-08-17 20:39:30 0 [Note] InnoDB: Waiting for purge to start
2025-08-17 20:39:30 0 [Note] InnoDB: 10.4.32 started; log sequence number 661442; transaction id 919
2025-08-17 20:39:30 0 [Note] InnoDB: Loading buffer pool(s) from C:\xampp\mysql\data\ib_buffer_pool
2025-08-17 20:39:30 0 [Note] Plugin 'FEEDBACK' is disabled.
2025-08-17 20:39:30 0 [Note] InnoDB: Buffer pool(s) load completed at 250817 20:39:30
2025-08-17 20:39:30 0 [ERROR] Could not open mysql.plugin table. Some plugins may be not loaded
2025-08-17 20:39:30 0 [ERROR] Failed to initialize plugins.
2025-08-17 20:39:30 0 [ERROR] Aborting
2025-08-17 20:39:39 0 [Note] Starting MariaDB 10.4.32-MariaDB source revision c4143f909528e3fab0677a28631d10389354c491 as process 2636
Cannot find checkpoint record at LSN (1,0x5582)
2025-08-17 20:39:39 0 [ERROR] mysqld.exe: Aria recovery failed. Please run aria_chk -r on all Aria tables and delete all aria_log.######## files
2025-08-17 20:39:40 0 [ERROR] Plugin 'Aria' registration as a STORAGE ENGINE failed.
2025-08-17 20:39:40 0 [Note] InnoDB: Mutexes and rw_locks use Windows interlocked functions
2025-08-17 20:39:40 0 [Note] InnoDB: Uses event mutexes
2025-08-17 20:39:40 0 [Note] InnoDB: Compressed tables use zlib 1.3
2025-08-17 20:39:40 0 [Note] InnoDB: Number of pools: 1
2025-08-17 20:39:40 0 [Note] InnoDB: Using SSE2 crc32 instructions
2025-08-17 20:39:40 0 [Note] InnoDB: Initializing buffer pool, total size = 16M, instances = 1, chunk size = 16M
2025-08-17 20:39:40 0 [Note] InnoDB: Completed initialization of buffer pool
2025-08-17 20:39:40 0 [Note] InnoDB: 128 out of 128 rollback segments are active.
2025-08-17 20:39:40 0 [Note] InnoDB: Creating shared tablespace for temporary tables
2025-08-17 20:39:40 0 [Note] InnoDB: Setting file 'C:\xampp\mysql\data\ibtmp1' size to 12 MB. Physically writing the file full; Please wait ...
2025-08-17 20:39:40 0 [Note] InnoDB: File 'C:\xampp\mysql\data\ibtmp1' size is now 12 MB.
2025-08-17 20:39:40 0 [Note] InnoDB: Waiting for purge to start
2025-08-17 20:39:40 0 [Note] InnoDB: 10.4.32 started; log sequence number 661451; transaction id 919
2025-08-17 20:39:40 0 [Note] InnoDB: Loading buffer pool(s) from C:\xampp\mysql\data\ib_buffer_pool
2025-08-17 20:39:40 0 [Note] Plugin 'FEEDBACK' is disabled.
2025-08-17 20:39:40 0 [Note] InnoDB: Buffer pool(s) load completed at 250817 20:39:40
2025-08-17 20:39:40 0 [ERROR] Could not open mysql.plugin table. Some plugins may be not loaded
2025-08-17 20:39:40 0 [ERROR] Failed to initialize plugins.
2025-08-17 20:39:40 0 [ERROR] Aborting
2025-08-17 20:39:52 0 [Note] Starting MariaDB 10.4.32-MariaDB source revision c4143f909528e3fab0677a28631d10389354c491 as process 3908
Cannot find checkpoint record at LSN (1,0x5582)
2025-08-17 20:39:52 0 [ERROR] mysqld.exe: Aria recovery failed. Please run aria_chk -r on all Aria tables and delete all aria_log.######## files
2025-08-17 20:39:52 0 [ERROR] Plugin 'Aria' registration as a STORAGE ENGINE failed.
2025-08-17 20:39:52 0 [Note] InnoDB: Mutexes and rw_locks use Windows interlocked functions
2025-08-17 20:39:52 0 [Note] InnoDB: Uses event mutexes
2025-08-17 20:39:52 0 [Note] InnoDB: Compressed tables use zlib 1.3
2025-08-17 20:39:52 0 [Note] InnoDB: Number of pools: 1
2025-08-17 20:39:52 0 [Note] InnoDB: Using SSE2 crc32 instructions
2025-08-17 20:39:52 0 [Note] InnoDB: Initializing buffer pool, total size = 16M, instances = 1, chunk size = 16M
2025-08-17 20:39:52 0 [Note] InnoDB: Completed initialization of buffer pool
2025-08-17 20:39:52 0 [Note] InnoDB: 128 out of 128 rollback segments are active.
2025-08-17 20:39:52 0 [Note] InnoDB: Creating shared tablespace for temporary tables
2025-08-17 20:39:52 0 [Note] InnoDB: Setting file 'C:\xampp\mysql\data\ibtmp1' size to 12 MB. Physically writing the file full; Please wait ...
2025-08-17 20:39:52 0 [Note] InnoDB: File 'C:\xampp\mysql\data\ibtmp1' size is now 12 MB.
2025-08-17 20:39:52 0 [Note] InnoDB: Waiting for purge to start
2025-08-17 20:39:52 0 [Note] InnoDB: 10.4.32 started; log sequence number 661460; transaction id 919
2025-08-17 20:39:52 0 [Note] InnoDB: Loading buffer pool(s) from C:\xampp\mysql\data\ib_buffer_pool
2025-08-17 20:39:52 0 [Note] Plugin 'FEEDBACK' is disabled.
2025-08-17 20:39:52 0 [Note] InnoDB: Buffer pool(s) load completed at 250817 20:39:52
2025-08-17 20:39:52 0 [ERROR] Could not open mysql.plugin table. Some plugins may be not loaded
2025-08-17 20:39:52 0 [ERROR] Failed to initialize plugins.
2025-08-17 20:39:52 0 [ERROR] Aborting
2025-08-17 20:40:22 0 [Note] Starting MariaDB 10.4.32-MariaDB source revision c4143f909528e3fab0677a28631d10389354c491 as process 1040
Cannot find checkpoint record at LSN (1,0x5582)
2025-08-17 20:40:22 0 [ERROR] mysqld.exe: Aria recovery failed. Please run aria_chk -r on all Aria tables and delete all aria_log.######## files
2025-08-17 20:40:22 0 [ERROR] Plugin 'Aria' registration as a STORAGE ENGINE failed.
2025-08-17 20:40:22 0 [Note] InnoDB: Mutexes and rw_locks use Windows interlocked functions
2025-08-17 20:40:22 0 [Note] InnoDB: Uses event mutexes
2025-08-17 20:40:22 0 [Note] InnoDB: Compressed tables use zlib 1.3
2025-08-17 20:40:22 0 [Note] InnoDB: Number of pools: 1
2025-08-17 20:40:22 0 [Note] InnoDB: Using SSE2 crc32 instructions
2025-08-17 20:40:22 0 [Note] InnoDB: Initializing buffer pool, total size = 16M, instances = 1, chunk size = 16M
2025-08-17 20:40:22 0 [Note] InnoDB: Completed initialization of buffer pool
2025-08-17 20:40:22 0 [Note] InnoDB: 128 out of 128 rollback segments are active.
2025-08-17 20:40:22 0 [Note] InnoDB: Creating shared tablespace for temporary tables
2025-08-17 20:40:22 0 [Note] InnoDB: Setting file 'C:\xampp\mysql\data\ibtmp1' size to 12 MB. Physically writing the file full; Please wait ...
2025-08-17 20:40:22 0 [Note] InnoDB: File 'C:\xampp\mysql\data\ibtmp1' size is now 12 MB.
2025-08-17 20:40:22 0 [Note] InnoDB: Waiting for purge to start
2025-08-17 20:40:22 0 [Note] InnoDB: 10.4.32 started; log sequence number 661469; transaction id 919
2025-08-17 20:40:22 0 [Note] InnoDB: Loading buffer pool(s) from C:\xampp\mysql\data\ib_buffer_pool
2025-08-17 20:40:22 0 [Note] Plugin 'FEEDBACK' is disabled.
2025-08-17 20:40:22 0 [Note] InnoDB: Buffer pool(s) load completed at 250817 20:40:22
2025-08-17 20:40:22 0 [ERROR] Could not open mysql.plugin table. Some plugins may be not loaded
2025-08-17 20:40:22 0 [ERROR] Failed to initialize plugins.
2025-08-17 20:40:22 0 [ERROR] Aborting
2025-08-17 20:40:35 0 [Note] Starting MariaDB 10.4.32-MariaDB source revision c4143f909528e3fab0677a28631d10389354c491 as process 3712
Cannot find checkpoint record at LSN (1,0x5582)
2025-08-17 20:40:35 0 [ERROR] mysqld.exe: Aria recovery failed. Please run aria_chk -r on all Aria tables and delete all aria_log.######## files
2025-08-17 20:40:35 0 [ERROR] Plugin 'Aria' registration as a STORAGE ENGINE failed.
2025-08-17 20:40:35 0 [Note] InnoDB: Mutexes and rw_locks use Windows interlocked functions
2025-08-17 20:40:35 0 [Note] InnoDB: Uses event mutexes
2025-08-17 20:40:35 0 [Note] InnoDB: Compressed tables use zlib 1.3
2025-08-17 20:40:35 0 [Note] InnoDB: Number of pools: 1
2025-08-17 20:40:35 0 [Note] InnoDB: Using SSE2 crc32 instructions
2025-08-17 20:40:35 0 [Note] InnoDB: Initializing buffer pool, total size = 16M, instances = 1, chunk size = 16M
2025-08-17 20:40:35 0 [Note] InnoDB: Completed initialization of buffer pool
2025-08-17 20:40:35 0 [Note] InnoDB: 128 out of 128 rollback segments are active.
2025-08-17 20:40:35 0 [Note] InnoDB: Creating shared tablespace for temporary tables
2025-08-17 20:40:35 0 [Note] InnoDB: Setting file 'C:\xampp\mysql\data\ibtmp1' size to 12 MB. Physically writing the file full; Please wait ...
2025-08-17 20:40:35 0 [Note] InnoDB: File 'C:\xampp\mysql\data\ibtmp1' size is now 12 MB.
2025-08-17 20:40:35 0 [Note] InnoDB: Waiting for purge to start
2025-08-17 20:40:35 0 [Note] InnoDB: 10.4.32 started; log sequence number 661478; transaction id 919
2025-08-17 20:40:35 0 [Note] InnoDB: Loading buffer pool(s) from C:\xampp\mysql\data\ib_buffer_pool
2025-08-17 20:40:35 0 [Note] Plugin 'FEEDBACK' is disabled.
2025-08-17 20:40:35 0 [Note] InnoDB: Buffer pool(s) load completed at 250817 20:40:35
2025-08-17 20:40:35 0 [ERROR] Could not open mysql.plugin table. Some plugins may be not loaded
2025-08-17 20:40:35 0 [ERROR] Failed to initialize plugins.
2025-08-17 20:40:35 0 [ERROR] Aborting
2025-08-17 20:40:56 0 [Note] Starting MariaDB 10.4.32-MariaDB source revision c4143f909528e3fab0677a28631d10389354c491 as process 16348
Cannot find checkpoint record at LSN (1,0x5582)
2025-08-17 20:40:56 0 [ERROR] mysqld.exe: Aria recovery failed. Please run aria_chk -r on all Aria tables and delete all aria_log.######## files
2025-08-17 20:40:56 0 [ERROR] Plugin 'Aria' registration as a STORAGE ENGINE failed.
2025-08-17 20:40:56 0 [Note] InnoDB: Mutexes and rw_locks use Windows interlocked functions
2025-08-17 20:40:56 0 [Note] InnoDB: Uses event mutexes
2025-08-17 20:40:56 0 [Note] InnoDB: Compressed tables use zlib 1.3
2025-08-17 20:40:56 0 [Note] InnoDB: Number of pools: 1
2025-08-17 20:40:56 0 [Note] InnoDB: Using SSE2 crc32 instructions
2025-08-17 20:40:56 0 [Note] InnoDB: Initializing buffer pool, total size = 16M, instances = 1, chunk size = 16M
2025-08-17 20:40:56 0 [Note] InnoDB: Completed initialization of buffer pool
2025-08-17 20:40:56 0 [Note] InnoDB: 128 out of 128 rollback segments are active.
2025-08-17 20:40:56 0 [Note] InnoDB: Creating shared tablespace for temporary tables
2025-08-17 20:40:56 0 [Note] InnoDB: Setting file 'C:\xampp\mysql\data\ibtmp1' size to 12 MB. Physically writing the file full; Please wait ...
2025-08-17 20:40:56 0 [Note] InnoDB: File 'C:\xampp\mysql\data\ibtmp1' size is now 12 MB.
2025-08-17 20:40:56 0 [Note] InnoDB: Waiting for purge to start
2025-08-17 20:40:56 0 [Note] InnoDB: 10.4.32 started; log sequence number 661487; transaction id 919
2025-08-17 20:40:56 0 [Note] Plugin 'FEEDBACK' is disabled.
2025-08-17 20:40:56 0 [Note] InnoDB: Loading buffer pool(s) from C:\xampp\mysql\data\ib_buffer_pool
2025-08-17 20:40:56 0 [Note] InnoDB: Buffer pool(s) load completed at 250817 20:40:56
2025-08-17 20:40:56 0 [ERROR] Could not open mysql.plugin table. Some plugins may be not loaded
2025-08-17 20:40:56 0 [ERROR] Failed to initialize plugins.
2025-08-17 20:40:56 0 [ERROR] Aborting
2025-08-17 20:42:01 0 [Note] Starting MariaDB 10.4.32-MariaDB source revision c4143f909528e3fab0677a28631d10389354c491 as process 8436
Cannot find checkpoint record at LSN (1,0x5582)
2025-08-17 20:42:01 0 [ERROR] mysqld.exe: Aria recovery failed. Please run aria_chk -r on all Aria tables and delete all aria_log.######## files
2025-08-17 20:42:01 0 [ERROR] Plugin 'Aria' registration as a STORAGE ENGINE failed.
2025-08-17 20:42:01 0 [Note] InnoDB: Mutexes and rw_locks use Windows interlocked functions
2025-08-17 20:42:01 0 [Note] InnoDB: Uses event mutexes
2025-08-17 20:42:01 0 [Note] InnoDB: Compressed tables use zlib 1.3
2025-08-17 20:42:01 0 [Note] InnoDB: Number of pools: 1
2025-08-17 20:42:01 0 [Note] InnoDB: Using SSE2 crc32 instructions
2025-08-17 20:42:01 0 [Note] InnoDB: Initializing buffer pool, total size = 16M, instances = 1, chunk size = 16M
2025-08-17 20:42:01 0 [Note] InnoDB: Completed initialization of buffer pool
2025-08-17 20:42:01 0 [Note] InnoDB: 128 out of 128 rollback segments are active.
2025-08-17 20:42:01 0 [Note] InnoDB: Creating shared tablespace for temporary tables
2025-08-17 20:42:01 0 [Note] InnoDB: Setting file 'C:\xampp\mysql\data\ibtmp1' size to 12 MB. Physically writing the file full; Please wait ...
2025-08-17 20:42:01 0 [Note] InnoDB: File 'C:\xampp\mysql\data\ibtmp1' size is now 12 MB.
2025-08-17 20:42:01 0 [Note] InnoDB: Waiting for purge to start
2025-08-17 20:42:01 0 [Note] InnoDB: 10.4.32 started; log sequence number 661496; transaction id 919
2025-08-17 20:42:01 0 [Note] InnoDB: Loading buffer pool(s) from C:\xampp\mysql\data\ib_buffer_pool
2025-08-17 20:42:01 0 [Note] Plugin 'FEEDBACK' is disabled.
2025-08-17 20:42:01 0 [Note] InnoDB: Buffer pool(s) load completed at 250817 20:42:01
2025-08-17 20:42:01 0 [ERROR] Could not open mysql.plugin table. Some plugins may be not loaded
2025-08-17 20:42:01 0 [ERROR] Failed to initialize plugins.
2025-08-17 20:42:01 0 [ERROR] Aborting
2025-08-17 20:42:32 0 [Note] Starting MariaDB 10.4.32-MariaDB source revision c4143f909528e3fab0677a28631d10389354c491 as process 15532
Cannot find checkpoint record at LSN (1,0x5582)
2025-08-17 20:42:32 0 [ERROR] mysqld.exe: Aria recovery failed. Please run aria_chk -r on all Aria tables and delete all aria_log.######## files
2025-08-17 20:42:32 0 [ERROR] Plugin 'Aria' registration as a STORAGE ENGINE failed.
2025-08-17 20:42:32 0 [Note] InnoDB: Mutexes and rw_locks use Windows interlocked functions
2025-08-17 20:42:32 0 [Note] InnoDB: Uses event mutexes
2025-08-17 20:42:32 0 [Note] InnoDB: Compressed tables use zlib 1.3
2025-08-17 20:42:32 0 [Note] InnoDB: Number of pools: 1
2025-08-17 20:42:32 0 [Note] InnoDB: Using SSE2 crc32 instructions
2025-08-17 20:42:32 0 [Note] InnoDB: Initializing buffer pool, total size = 16M, instances = 1, chunk size = 16M
2025-08-17 20:42:32 0 [Note] InnoDB: Completed initialization of buffer pool
2025-08-17 20:42:32 0 [Note] InnoDB: 128 out of 128 rollback segments are active.
2025-08-17 20:42:32 0 [Note] InnoDB: Creating shared tablespace for temporary tables
2025-08-17 20:42:32 0 [Note] InnoDB: Setting file 'C:\xampp\mysql\data\ibtmp1' size to 12 MB. Physically writing the file full; Please wait ...
2025-08-17 20:42:32 0 [Note] InnoDB: File 'C:\xampp\mysql\data\ibtmp1' size is now 12 MB.
2025-08-17 20:42:32 0 [Note] InnoDB: Waiting for purge to start
2025-08-17 20:42:32 0 [Note] InnoDB: 10.4.32 started; log sequence number 661521; transaction id 919
2025-08-17 20:42:32 0 [Note] InnoDB: Loading buffer pool(s) from C:\xampp\mysql\data\ib_buffer_pool
2025-08-17 20:42:32 0 [Note] Plugin 'FEEDBACK' is disabled.
2025-08-17 20:42:32 0 [Note] InnoDB: Buffer pool(s) load completed at 250817 20:42:32
2025-08-17 20:42:32 0 [ERROR] Could not open mysql.plugin table. Some plugins may be not loaded
2025-08-17 20:42:32 0 [ERROR] Failed to initialize plugins.
2025-08-17 20:42:32 0 [ERROR] Aborting
